// Jest Snapshot v1, https://goo.gl/fbAQLP

exports[`Header layout Header default  matchers DOM Snapshot 1`] = `
<div>
  <header
    class="MuiBox-root css-zfkp9v"
  >
    <a
      href="/"
    >
      <h1
        class="MuiTypography-root MuiTypography-body1 css-1f869fj-MuiTypography-root"
      >
        <img
          alt="logo"
          class="MuiBox-root css-q0bs1u"
          src="/images/logo.svg"
        />
        Game Store
      </h1>
    </a>
    <div
      class="MuiBox-root css-70qvj9"
    >
      <input
        class="css-1innor3"
        placeholder="Search games..."
        type="text"
        value=""
      />
      <button
        class="MuiButtonBase-root MuiIconButton-root MuiIconButton-sizeMedium css-78trlr-MuiButtonBase-root-MuiIconButton-root"
        tabindex="0"
        type="submit"
      >
        <svg
          aria-hidden="true"
          class="MuiSvgIcon-root MuiSvgIcon-fontSizeMedium css-17slstj-MuiSvgIcon-root"
          data-testid="SearchIcon"
          focusable="false"
          viewBox="0 0 24 24"
        >
          <path
            d="M15.5 14h-.79l-.28-.27C15.41 12.59 16 11.11 16 9.5 16 5.91 13.09 3 9.5 3S3 5.91 3 9.5 5.91 16 9.5 16c1.61 0 3.09-.59 4.23-1.57l.27.28v.79l5 4.99L20.49 19l-4.99-5zm-6 0C7.01 14 5 11.99 5 9.5S7.01 5 9.5 5 14 7.01 14 9.5 11.99 14 9.5 14z"
          />
        </svg>
        <span
          class="MuiTouchRipple-root css-8je8zh-MuiTouchRipple-root"
        />
      </button>
    </div>
    <div
      class="MuiBox-root css-j0ozid"
    >
      <button
        class="MuiButtonBase-root MuiButton-root MuiButton-contained MuiButton-containedSuccess MuiButton-sizeMedium MuiButton-containedSizeMedium MuiButton-root MuiButton-contained MuiButton-containedSuccess MuiButton-sizeMedium MuiButton-containedSizeMedium css-2navfx-MuiButtonBase-root-MuiButton-root"
        hovercolor="white"
        tabindex="0"
        type="button"
        width="100%"
      >
        Login
        <span
          class="MuiTouchRipple-root css-8je8zh-MuiTouchRipple-root"
        />
      </button>
      <button
        class="MuiButtonBase-root MuiIconButton-root MuiIconButton-sizeSmall css-zbupvj-MuiButtonBase-root-MuiIconButton-root"
        tabindex="0"
        type="button"
      >
        <svg
          color="#fff"
          fill="currentColor"
          height="1em"
          stroke="currentColor"
          stroke-width="0"
          style="color: rgb(255, 255, 255);"
          viewBox="0 0 24 24"
          width="1em"
          xmlns="http://www.w3.org/2000/svg"
        >
          <g>
            <path
              d="M0 0h24v24H0z"
              fill="none"
            />
            <path
              d="M20 22H4a1 1 0 0 1-1-1V3a1 1 0 0 1 1-1h16a1 1 0 0 1 1 1v18a1 1 0 0 1-1 1zm-1-2V4H5v16h14zM9 6v2a3 3 0 0 0 6 0V6h2v2A5 5 0 0 1 7 8V6h2z"
            />
          </g>
        </svg>
        <p
          class="MuiTypography-root MuiTypography-body1 css-4peds9-MuiTypography-root"
        >
          Cart
        </p>
        <div
          class="MuiBox-root css-10bwm1q"
        >
          <p
            class="MuiTypography-root MuiTypography-body1 css-mjamk0-MuiTypography-root"
          >
            0
          </p>
        </div>
        <span
          class="MuiTouchRipple-root css-8je8zh-MuiTouchRipple-root"
        />
      </button>
    </div>
  </header>
</div>
`;

exports[`Header layout Header with login account  matchers DOM Snapshot 1`] = `
<div>
  <header
    class="MuiBox-root css-zfkp9v"
  >
    <a
      href="/"
    >
      <h1
        class="MuiTypography-root MuiTypography-body1 css-1f869fj-MuiTypography-root"
      >
        <img
          alt="logo"
          class="MuiBox-root css-q0bs1u"
          src="/images/logo.svg"
        />
        Game Store
      </h1>
    </a>
    <div
      class="MuiBox-root css-70qvj9"
    >
      <input
        class="css-1innor3"
        placeholder="Search games..."
        type="text"
        value=""
      />
      <button
        class="MuiButtonBase-root MuiIconButton-root MuiIconButton-sizeMedium css-78trlr-MuiButtonBase-root-MuiIconButton-root"
        tabindex="0"
        type="submit"
      >
        <svg
          aria-hidden="true"
          class="MuiSvgIcon-root MuiSvgIcon-fontSizeMedium css-17slstj-MuiSvgIcon-root"
          data-testid="SearchIcon"
          focusable="false"
          viewBox="0 0 24 24"
        >
          <path
            d="M15.5 14h-.79l-.28-.27C15.41 12.59 16 11.11 16 9.5 16 5.91 13.09 3 9.5 3S3 5.91 3 9.5 5.91 16 9.5 16c1.61 0 3.09-.59 4.23-1.57l.27.28v.79l5 4.99L20.49 19l-4.99-5zm-6 0C7.01 14 5 11.99 5 9.5S7.01 5 9.5 5 14 7.01 14 9.5 11.99 14 9.5 14z"
          />
        </svg>
        <span
          class="MuiTouchRipple-root css-8je8zh-MuiTouchRipple-root"
        />
      </button>
    </div>
    <div
      class="MuiBox-root css-j0ozid"
    >
      <button
        class="MuiButtonBase-root MuiButton-root MuiButton-contained MuiButton-containedSuccess MuiButton-sizeMedium MuiButton-containedSizeMedium MuiButton-root MuiButton-contained MuiButton-containedSuccess MuiButton-sizeMedium MuiButton-containedSizeMedium css-2navfx-MuiButtonBase-root-MuiButton-root"
        hovercolor="white"
        tabindex="0"
        type="button"
        width="100%"
      >
        Login
        <span
          class="MuiTouchRipple-root css-8je8zh-MuiTouchRipple-root"
        />
      </button>
      <button
        class="MuiButtonBase-root MuiIconButton-root MuiIconButton-sizeSmall css-zbupvj-MuiButtonBase-root-MuiIconButton-root"
        tabindex="0"
        type="button"
      >
        <svg
          color="#fff"
          fill="currentColor"
          height="1em"
          stroke="currentColor"
          stroke-width="0"
          style="color: rgb(255, 255, 255);"
          viewBox="0 0 24 24"
          width="1em"
          xmlns="http://www.w3.org/2000/svg"
        >
          <g>
            <path
              d="M0 0h24v24H0z"
              fill="none"
            />
            <path
              d="M20 22H4a1 1 0 0 1-1-1V3a1 1 0 0 1 1-1h16a1 1 0 0 1 1 1v18a1 1 0 0 1-1 1zm-1-2V4H5v16h14zM9 6v2a3 3 0 0 0 6 0V6h2v2A5 5 0 0 1 7 8V6h2z"
            />
          </g>
        </svg>
        <p
          class="MuiTypography-root MuiTypography-body1 css-4peds9-MuiTypography-root"
        >
          Cart
        </p>
        <div
          class="MuiBox-root css-10bwm1q"
        >
          <p
            class="MuiTypography-root MuiTypography-body1 css-mjamk0-MuiTypography-root"
          >
            0
          </p>
        </div>
        <span
          class="MuiTouchRipple-root css-8je8zh-MuiTouchRipple-root"
        />
      </button>
    </div>
  </header>
</div>
`;
