// Jest Snapshot v1, https://goo.gl/fbAQLP

exports[`Test List Movie component Component List Movie matches DOM Snapshot 1`] = `
<div>
  <div
    class="media"
    data-testid="home-page"
  >
    <div
      class="column_wrapper"
    >
      <div
        class="content_wrapper"
      >
        <div
          class="title"
        >
          <h2
            data-testid="header-page"
          >
            Popular Movies
          </h2>
        </div>
        <div
          class="content"
        >
          <div>
            <div
              class="panel-card"
            >
              <div
                class="name"
              >
                <h2>
                  Sort
                </h2>
              </div>
              <div
                class="filter"
              >
                <span
                  class="widget"
                  data-testid="sub-menu"
                >
                  <span
                    class="dropdown"
                    data-testid="select"
                  >
                    <span
                      class="input"
                      data-testid="titleOption"
                    >
                      Popularity Descending
                    </span>
                    <span
                      class="select"
                    >
                      <span
                        class="icon-select"
                      />
                    </span>
                  </span>
                </span>
              </div>
            </div>
            <div
              class="panel-card"
            >
              <div
                class="name"
              >
                <h2>
                  Filter
                </h2>
              </div>
              <div
                class="filter"
              >
                <span
                  class="widget"
                  data-testid="sub-menu"
                >
                  <div
                    class="list-chip"
                    data-testid="list-chip"
                  >
                    <h3>
                      Genres
                    </h3>
                    <button
                      class="chip-element"
                      value="1"
                    >
                      Action
                    </button>
                    <button
                      class="chip-element"
                      value="2"
                    >
                      Drama
                    </button>
                  </div>
                  <div
                    class="ranger-slider"
                  >
                    <h3>
                      User Score
                    </h3>
                    <input
                      class="range"
                      max="10"
                      min="0"
                      step="1"
                      type="range"
                      value="10"
                    />
                    <div
                      class="range-value"
                    >
                      10
                    </div>
                  </div>
                </span>
              </div>
            </div>
            <div
              class="btn-layout"
            >
              <button
                class="btn primary contained rd-2 w-100 "
                type="button"
              >
                Search
              </button>
            </div>
          </div>
          <div
            class="white_column"
          >
            <section
              class="page_wrapper"
            >
              <div
                class="card"
              >
                <div
                  class="image"
                >
                  <div
                    class="wrapper"
                  >
                    <a
                      href="/movie/453395"
                    >
                      <img
                        alt="Doctor Strange in the Multiverse of Madness"
                        class="poster"
                        src="https://www.themoviedb.org/t/p/w220_and_h330_face//9Gtg2DzBhmYamXBS1hKAhiwbBKS.jpg"
                      />
                    </a>
                    <div
                      class="option"
                      data-testid="optional"
                    >
                      <span />
                    </div>
                  </div>
                </div>
                <div
                  class="content"
                >
                  <div
                    class="consensus tight"
                  >
                    <div
                      class="outer_ring"
                    >
                      <div
                        class="user_score_chart"
                        data-bar-color="#21d07a"
                        data-percent="78.0"
                        data-track-color="#204529"
                      >
                        <div
                          class="percent"
                        >
                          <span
                            class="icon"
                            data-testid="score"
                          >
                            76
                          </span>
                        </div>
                      </div>
                    </div>
                  </div>
                  <h2>
                    <a
                      href="/movie/453395"
                      title="Doctor Strange in the Multiverse of Madness"
                    >
                      Doctor Strange in the Multiverse of Madness
                    </a>
                  </h2>
                  <p
                    data-testid="release-date"
                  >
                    2022-05-04
                  </p>
                </div>
              </div>
            </section>
            <div
              class="btn-layout"
            >
              <button
                class="btn primary contained rd-1 w-100 "
                type="button"
              >
                Load More
              </button>
            </div>
          </div>
        </div>
      </div>
    </div>
  </div>
  ;
</div>
`;
